{"apiVersion":"tekton.dev/v1beta1","kind":"Pipeline","metadata":{"annotations":{"operator.tekton.dev/preserve-namespace":"true"},"labels":{"pipeline.openshift.io/runtime":"perl","pipeline.openshift.io/type":"knative"},"name":"s2i-perl-knative","namespace":"openshift"},"spec":{"params":[{"name":"APP_NAME","type":"string"},{"name":"GIT_REPO","type":"string"},{"name":"GIT_REVISION","type":"string"},{"name":"IMAGE_NAME","type":"string"},{"default":".","name":"PATH_CONTEXT","type":"string"},{"default":"5.30-ubi8","name":"VERSION","type":"string"}],"tasks":[{"name":"fetch-repository","params":[{"name":"url","value":"$(params.GIT_REPO)"},{"name":"revision","value":"$(params.GIT_REVISION)"},{"name":"subdirectory","value":""},{"name":"deleteExisting","value":"true"}],"taskRef":{"kind":"ClusterTask","name":"git-clone"},"workspaces":[{"name":"output","workspace":"workspace"}]},{"name":"build","params":[{"name":"IMAGE","value":"$(params.IMAGE_NAME)"},{"name":"TLSVERIFY","value":"false"},{"name":"PATH_CONTEXT","value":"$(params.PATH_CONTEXT)"},{"name":"VERSION","value":"$(params.VERSION)"}],"runAfter":["fetch-repository"],"taskRef":{"kind":"ClusterTask","name":"s2i-perl"},"workspaces":[{"name":"source","workspace":"workspace"}]},{"name":"kn-service-apply","params":[{"name":"ARGS","value":["service","apply","$(params.APP_NAME)","--image=$(params.IMAGE_NAME)"]}],"runAfter":["build"],"taskRef":{"kind":"ClusterTask","name":"kn"}}],"workspaces":[{"name":"workspace"}]}}
